Microchip MPLAB XC8 Compiler V2.41

Linker command line:

-W-3 \
  --edf=C:/Users/nasci/.mchp_packs/Microchip/PIC16Fxxx_DFP/1.6.156/xc8\pic\dat\20231012211500_en.msgs \
  -cn -h+dist/default/production\moduloControleFonte.X.production.sym \
  --cmf=dist/default/production\moduloControleFonte.X.production.cmf -z \
  -Q16F677 -oC:\Users\nasci\AppData\Local\Temp\xcAs8jg.\driver_tmp_3.o \
  --defsym=__MPLAB_BUILD=1 --fixupoverflow=error \
  -Mdist/default/production/moduloControleFonte.X.production.map \
  --md=C:\Users\nasci\AppData\Local\Temp\xcAs8jg.\driver_tmp_0.dat -E1 \
  -ver=XC8 Compiler --acfsm=1493 -ACODE=00h-07FFh -ASTRCODE=00h-07FFh \
  -ASTRING=00h-0FFhx8 -ACONST=00h-0FFhx8 -AENTRY=00h-0FFhx8 \
  -ACOMMON=070h-07Fh -ABANK0=020h-06Fh -ABANK1=0A0h-0BFh \
  -ARAM=020h-06Fh,0A0h-0BFh -AABS1=020h-07Fh,0A0h-0BFh -ASFR0=00h-01Fh \
  -ASFR1=080h-09Fh -ASFR2=0100h-016Fh -ASFR3=0180h-01EFh \
  -ACONFIG=02007h-02007h -DCONFIG=2 -AIDLOC=02000h-02003h -DIDLOC=2 \
  -AEEDATA=00h-0FFh/02100h -peeprom_data=EEDATA -DEEDATA=2 -DCODE=2 \
  -DSTRCODE=2 -DSTRING=2 -DCONST=2 -DENTRY=2 \
  -preset_vec=00h,intentry,init,end_init -ppowerup=CODE -pcinit=CODE \
  -pfunctab=ENTRY -k \
  C:\Users\nasci\AppData\Local\Temp\xcAs8jg.\driver_tmp_12.o \
  dist/default/production\moduloControleFonte.X.production.o 

Object code version is 3.11

Machine type is 16F677



                Name                               Link     Load   Length Selector   Space Scale
C:\Users\nasci\AppData\Local\Temp\xcAs8jg.\driver_tmp_12.o
                end_init                              0        0        1        0       0
                config                             2007     2007        1        0       4
dist/default/production\moduloControleFonte.X.production.o
                cinit                               7FE      7FE        2      FFC       0
                config                             2007     2007        1        0       4
                text2                               7F1      7F1        D      FE2       0
                text1                               7EC      7EC        2      FD8       0
                maintext                            7EE      7EE        3      FDC       0

TOTAL           Name                               Link     Load   Length     Space
        CLASS   CODE           
                end_init                              0        0        1         0
                cinit                               7FE      7FE        2         0
                text2                               7F1      7F1        D         0
                text1                               7EC      7EC        2         0
                maintext                            7EE      7EE        3         0

        CLASS   STRCODE        

        CLASS   STRING         

        CLASS   CONST          

        CLASS   ENTRY          

        CLASS   COMMON         

        CLASS   BANK0          

        CLASS   BANK1          

        CLASS   RAM            

        CLASS   ABS1           
                abs_s1                               7E       7E        2         1

        CLASS   SFR0           

        CLASS   SFR1           

        CLASS   SFR2           

        CLASS   SFR3           

        CLASS   CONFIG         
                config                             2007     2007        1         4

        CLASS   IDLOC          

        CLASS   EEDATA         

        CLASS   BANK3          

        CLASS   BANK2          

        CLASS   STACK          



SEGMENTS        Name                           Load    Length   Top    Selector   Space  Class     Delta

                reset_vec                      000000  000001  000001         0       0  CODE        2
                text1                          0007EC  000002  0007EE       FD8       0  CODE        2
                maintext                       0007EE  000003  0007F1       FDC       0  CODE        2
                text2                          0007F1  00000D  0007FE       FE2       0  CODE        2
                cinit                          0007FE  000002  000800       FFC       0  CODE        2


UNUSED ADDRESS RANGES

        Name                Unused          Largest block    Delta
        BANK0            0020-006F             50           1
        BANK1            00A0-00BF             20           1
        CODE             0001-07EB            7EB           2
        COMMON           0070-007D              E           1
        CONST            0001-07EB            100           2
        EEDATA           2100-21FF            100           2
        ENTRY            0001-07EB            100           2
        IDLOC            2000-2003              4           2
        RAM              0020-006F             50           1
                         00A0-00BF             20
        SFR0             0000-001F             20           1
        SFR1             0080-009F             20           1
        SFR2             0100-016F             70           1
        SFR3             0180-01EF             70           1
        STRCODE          0001-07EB            7EB           2
        STRING           0001-07EB            100           2

                                  Symbol Table

_ADCON0                  (abs)        001F
_ADCON1                  (abs)        009F
_ADC_Init                text2        07F1
_ADRESH                  (abs)        001E
_ADRESL                  (abs)        009E
_GO_DONE                 (abs)        00F9
_System_init             text1        07EC
_TRISA                   (abs)        0085
__H__absolute__          __absolute__ 0000
__Habs1                  abs1         0000
__Hbank0                 bank0        0000
__Hbank1                 bank1        0000
__Hbank2                 bank2        0000
__Hbank3                 bank3        0000
__Hcinit                 cinit        0800
__Hclrtext               clrtext      0000
__Hcode                  code         0000
__Hcommon                common       0000
__Hconfig                config       2008
__HcstackCOMMON          cstackCOMMON 0000
__Heeprom_data           eeprom_data  0000
__Hend_init              end_init     0001
__Hfunctab               functab      0000
__Hinit                  init         0000
__Hintentry              intentry     0000
__Hmaintext              maintext     0000
__Hpowerup               powerup      0000
__Hram                   ram          0000
__Hreset_vec             reset_vec    0000
__Hsfr0                  sfr0         0000
__Hsfr1                  sfr1         0000
__Hsfr2                  sfr2         0000
__Hsfr3                  sfr3         0000
__Hspace_0               (abs)        0800
__Hspace_1               (abs)        0000
__Hspace_2               (abs)        0000
__Hspace_3               (abs)        0000
__Hspace_4               (abs)        400F
__Hstack                 stack        0000
__Hstrings               strings      0000
__Htext                  text         0000
__L__absolute__          __absolute__ 0000
__Labs1                  abs1         0000
__Lbank0                 bank0        0000
__Lbank1                 bank1        0000
__Lbank2                 bank2        0000
__Lbank3                 bank3        0000
__Lcinit                 cinit        07FE
__Lclrtext               clrtext      0000
__Lcode                  code         0000
__Lcommon                common       0000
__Lconfig                config       0000
__LcstackCOMMON          cstackCOMMON 0000
__Leeprom_data           eeprom_data  0000
__Lend_init              end_init     0000
__Lfunctab               functab      0000
__Linit                  init         0000
__Lintentry              intentry     0000
__Lmaintext              maintext     0000
__Lpowerup               powerup      0000
__Lram                   ram          0000
__Lreset_vec             reset_vec    0000
__Lsfr0                  sfr0         0000
__Lsfr1                  sfr1         0000
__Lsfr2                  sfr2         0000
__Lsfr3                  sfr3         0000
__Lspace_0               (abs)        0000
__Lspace_1               (abs)        0000
__Lspace_2               (abs)        0000
__Lspace_3               (abs)        0000
__Lspace_4               (abs)        0000
__Lstack                 stack        0000
__Lstrings               strings      0000
__Ltext                  text         0000
__S0                     (abs)        0800
__S1                     (abs)        0000
__S3                     (abs)        0000
___int_sp                stack        0000
___latbits               (abs)        0000
___sp                    stack        0000
___stackhi               (abs)        0000
___stacklo               (abs)        0000
__end_of_ADC_Init        text2        07FE
__end_of_System_init     text1        07EE
__end_of__initialization cinit        07FE
__end_of_main            maintext     07F1
__initialization         cinit        07FE
__pcstackCOMMON          cstackCOMMON 0000
__pmaintext              maintext     07EE
__ptext1                 text1        07EC
__ptext2                 text2        07F1
_main                    maintext     07EE
btemp                    (abs)        007E
end_of_initialization    cinit        07FE
intlevel0                functab      0000
intlevel1                functab      0000
intlevel2                functab      0000
intlevel3                functab      0000
intlevel4                functab      0000
intlevel5                functab      0000
reset_vec                reset_vec    0000
start                    init         0000
start_initialization     cinit        07FE
wtemp0                   (abs)        007E


MODULE INFORMATION

Module		Function		Class		Link	Load	Size
Modules/adc.c
		_ADC_Init      		CODE           	07F1	0000	13

Modules/adc.c estimated size: 13

shared
		__initialization		CODE           	07FE	0000	1

shared estimated size: 1

Modules/sys.c
		_System_init   		CODE           	07EC	0000	2

Modules/sys.c estimated size: 2

main.c
		_main          		CODE           	07EE	0000	3

main.c estimated size: 3

